ruff.....................................................................Failed
- hook id: ruff
- files were modified by this hook

Found 2 errors (2 fixed, 0 remaining).

ruff-format..............................................................Failed
- hook id: ruff-format
- files were modified by this hook

1 file reformatted, 101 files left unchanged

black....................................................................Passed
mypy.....................................................................Failed
- hook id: mypy
- exit code: 1

cns_py\vector\memory_index.py:15: error: Missing type parameters for generic type "ndarray"  [type-arg]
cns_py\rules\registry.py:40: error: Function is missing a return type annotation  [no-untyped-def]
cns_py\cql\belief_explain.py:11: error: Module "cns_py.cql.belief" does not explicitly export attribute "BeliefConfig"  [attr-defined]
cns_py\planner\planner.py:8: error: Module "cns_py.planner.plan" has no attribute "BasePlanStep"  [attr-defined]
cns_py\planner\planner.py:20: error: Function is missing a return type annotation  [no-untyped-def]
cns_py\planner\planner.py:20: note: Use "-> None" if function does not return a value
cns_py\planner\explainer.py:25: error: Call to untyped function "Planner" in typed context  [no-untyped-call]
cns_py\planner\explainer.py:27: error: Function is missing a type annotation for one or more arguments  [no-untyped-def]
cns_py\vector\pg_index.py:74: error: Argument 1 to "append" of "list" has incompatible type "dict[str, Any]"; expected "list[float]"  [arg-type]
cns_py\vector\pg_index.py:76: error: Argument 1 to "append" of "list" has incompatible type "int"; expected "list[float]"  [arg-type]
cns_py\vector\manager.py:63: error: Return value expected  [return-value]
cns_py\vector\manager.py:179: error: Argument 1 to "bulk_load" of "VectorIndex" has incompatible type "list[tuple[str, list[float], dict[str, Any]]]"; expected "list[tuple[str, list[float], dict[str, Any] | None]]"  [arg-type]
cns_py\vector\manager.py:179: note: "List" is invariant -- see https://mypy.readthedocs.io/en/stable/common_issues.html#variance
cns_py\vector\manager.py:179: note: Consider using "Sequence" instead, which is covariant
cns_py\vector\manager.py:194: error: Missing type parameters for generic type "Dict"  [type-arg]
cns_py\vector\manager.py:219: error: Missing type parameters for generic type "Dict"  [type-arg]
cns_py\vector\manager.py:273: error: Incompatible types in assignment (expression has type "int", variable has type "str")  [assignment]
cns_py\planner\executor.py:66: error: List item 0 has incompatible type "str | None"; expected "str"  [list-item]
cns_py\api\server.py:845: error: Function is missing a return type annotation  [no-untyped-def]
cns_py\api\server.py:860: error: Function is missing a return type annotation  [no-untyped-def]
cns_py\api\server.py:872: error: Function is missing a return type annotation  [no-untyped-def]
cns_py\api\server.py:882: error: Function is missing a return type annotation  [no-untyped-def]
cns_py\api\server.py:909: error: Function is missing a return type annotation  [no-untyped-def]
Found 20 errors in 9 files (checked 40 source files)

Detect secrets...........................................................Passed
pytest-check (all tests).................................................Failed
- hook id: pytest-check
- exit code: 1

=================================== ERRORS ====================================
________________ ERROR collecting tests/test_api_provenance.py ________________
ImportError while importing test module 'C:\Users\mfadmin\OneDrive - MARIO FIALHO\Documents\source\cns\tests\test_api_provenance.py'.
Hint: make sure your test modules/packages have valid Python names.
Traceback:
..\..\..\..\.pyenv\pyenv-win\versions\3.10.11\lib\importlib\__init__.py:126: in import_module
    return _bootstrap._gcd_import(name[level:], package, level)
tests\test_api_provenance.py:10: in <module>
    from cns_py.api.server import app
cns_py\api\server.py:18: in <module>
    from cns_py.planner import PlanExplainer, PlanExplanation
cns_py\planner\__init__.py:2: in <module>
    from .explainer import PlanExplainer, PlanExplanation
cns_py\planner\explainer.py:12: in <module>
    from cns_py.planner.planner import Planner
cns_py\planner\planner.py:8: in <module>
    from cns_py.planner.plan import (
E   ImportError: cannot import name 'BasePlanStep' from 'cns_py.planner.plan' (C:\Users\mfadmin\OneDrive - MARIO FIALHO\Documents\source\cns\cns_py\planner\plan.py)
=========================== short test summary info ===========================
ERROR tests/test_api_provenance.py
!!!!!!!!!!!!!!!!!!!!!!!!!! stopping after 1 failures !!!!!!!!!!!!!!!!!!!!!!!!!!

