ruff.....................................................................Failed
- hook id: ruff
- exit code: 1

cns_py\vector\router.py:15:101: E501 Line too long (112 > 100)
   |
13 |         # Simple heuristics for code vs text
14 |         # If it looks like Python, go to 'code', else 'default'
15 |         if re.search(r"^\s*(def |class |import |from |@|int |void |const )", text, re.MULTILINE) or ";" in text:
   |                                                                                                     ^^^^^^^^^^^^ E501
16 |             return [("code", 1.0)]
17 |         return [("default", 1.0)]
   |

Found 1 error.

ruff-format..............................................................Failed
- hook id: ruff-format
- files were modified by this hook

1 file reformatted, 101 files left unchanged

black....................................................................Passed
mypy.....................................................................Failed
- hook id: mypy
- exit code: 1

cns_py\vector\memory_index.py:15: error: Missing type parameters for generic type "ndarray"  [type-arg]
Found 1 error in 1 file (checked 40 source files)

Detect secrets...........................................................Passed
pytest-check (all tests).................................................Failed
- hook id: pytest-check
- exit code: 1

...................s.................................................... [ 48%]
...............................................F
================================== FAILURES ===================================
_________________________ test_registry_load_manifest _________________________
tests\test_rule_registry.py:19: in test_registry_load_manifest
    assert len(rules) >= 2
E   assert 0 >= 2
E    +  where 0 = len([])
============================== warnings summary ===============================
cns_py\api\server.py:603
  C:\Users\mfadmin\OneDrive - MARIO FIALHO\Documents\source\cns\cns_py\api\server.py:603: DeprecationWarning: 
          on_event is deprecated, use lifespan event handlers instead.
  
          Read more about it in the
          [FastAPI docs for Lifespan Events](https://fastapi.tiangolo.com/advanced/events/).
          
    @app.on_event("startup")

.venv\lib\site-packages\fastapi\applications.py:4576
.venv\lib\site-packages\fastapi\applications.py:4576
  C:\Users\mfadmin\OneDrive - MARIO FIALHO\Documents\source\cns\.venv\lib\site-packages\fastapi\applications.py:4576: DeprecationWarning: 
          on_event is deprecated, use lifespan event handlers instead.
  
          Read more about it in the
          [FastAPI docs for Lifespan Events](https://fastapi.tiangolo.com/advanced/events/).
          
    return self.router.on_event(event_type)

cns_py\api\server.py:610
  C:\Users\mfadmin\OneDrive - MARIO FIALHO\Documents\source\cns\cns_py\api\server.py:610: DeprecationWarning: 
          on_event is deprecated, use lifespan event handlers instead.
  
          Read more about it in the
          [FastAPI docs for Lifespan Events](https://fastapi.tiangolo.com/advanced/events/).
          
    @app.on_event("shutdown")

-- Docs: https://docs.pytest.org/en/stable/how-to/capture-warnings.html
=========================== short test summary info ===========================
FAILED tests/test_rule_registry.py::test_registry_load_manifest - assert 0 >= 2
!!!!!!!!!!!!!!!!!!!!!!!!!! stopping after 1 failures !!!!!!!!!!!!!!!!!!!!!!!!!!

