ruff.....................................................................Passed
ruff-format..............................................................Passed
black....................................................................Passed
mypy.....................................................................Failed
- hook id: mypy
- exit code: 2

pyproject.toml:1: error: Error importing plugin "pydantic.mypy": No module named 'pydantic'  [misc]
Found 1 error in 1 file (errors prevented further checking)

Detect secrets...........................................................Passed
pytest-check (all tests).................................................Failed
- hook id: pytest-check
- exit code: 1

=================================== ERRORS ====================================
____________________ ERROR collecting tests/test_crypto.py ____________________
ImportError while importing test module 'C:\Users\mfadmin\OneDrive - MARIO FIALHO\Documents\source\cns\tests\test_crypto.py'.
Hint: make sure your test modules/packages have valid Python names.
Traceback:
..\..\..\..\.pyenv\pyenv-win\versions\3.10.11\lib\importlib\__init__.py:126: in import_module
    return _bootstrap._gcd_import(name[level:], package, level)
tests\test_crypto.py:7: in <module>
    from cns_py.crypto import (
E   ImportError: cannot import name 'load_private_key' from 'cns_py.crypto' (C:\Users\mfadmin\OneDrive - MARIO FIALHO\Documents\source\cns\cns_py\crypto\__init__.py)
============================== warnings summary ===============================
cns_py\api\server.py:603
  C:\Users\mfadmin\OneDrive - MARIO FIALHO\Documents\source\cns\cns_py\api\server.py:603: DeprecationWarning: 
          on_event is deprecated, use lifespan event handlers instead.
  
          Read more about it in the
          [FastAPI docs for Lifespan Events](https://fastapi.tiangolo.com/advanced/events/).
          
    @app.on_event("startup")

.venv\lib\site-packages\fastapi\applications.py:4576
.venv\lib\site-packages\fastapi\applications.py:4576
  C:\Users\mfadmin\OneDrive - MARIO FIALHO\Documents\source\cns\.venv\lib\site-packages\fastapi\applications.py:4576: DeprecationWarning: 
          on_event is deprecated, use lifespan event handlers instead.
  
          Read more about it in the
          [FastAPI docs for Lifespan Events](https://fastapi.tiangolo.com/advanced/events/).
          
    return self.router.on_event(event_type)

cns_py\api\server.py:610
  C:\Users\mfadmin\OneDrive - MARIO FIALHO\Documents\source\cns\cns_py\api\server.py:610: DeprecationWarning: 
          on_event is deprecated, use lifespan event handlers instead.
  
          Read more about it in the
          [FastAPI docs for Lifespan Events](https://fastapi.tiangolo.com/advanced/events/).
          
    @app.on_event("shutdown")

-- Docs: https://docs.pytest.org/en/stable/how-to/capture-warnings.html
=========================== short test summary info ===========================
ERROR tests/test_crypto.py
!!!!!!!!!!!!!!!!!!!!!!!!!! stopping after 1 failures !!!!!!!!!!!!!!!!!!!!!!!!!!

