ruff.....................................................................Passed
ruff-format..............................................................Passed
black....................................................................Passed
mypy.....................................................................Failed
- hook id: mypy
- exit code: 1

cns_py\vector\memory_index.py:15: error: Missing type parameters for generic type "ndarray"  [type-arg]
cns_py\planner\explainer.py:27: error: Function is missing a type annotation for one or more arguments  [no-untyped-def]
cns_py\vector\manager.py:194: error: Missing type parameters for generic type "Dict"  [type-arg]
cns_py\vector\manager.py:219: error: Missing type parameters for generic type "Dict"  [type-arg]
cns_py\vector\manager.py:273: error: Incompatible types in assignment (expression has type "int", variable has type "str")  [assignment]
Found 5 errors in 3 files (checked 40 source files)

Detect secrets...........................................................Passed
pytest-check (all tests).................................................Failed
- hook id: pytest-check
- exit code: 1

...................s.................................................... [ 48%]
..............................................F
================================== FAILURES ===================================
____________________ test_heuristic_router_code_detection _____________________
tests\test_router.py:44: in test_heuristic_router_code_detection
    assert "code" in spaces
E   AssertionError: assert 'code' in {'default': 1.0}
============================== warnings summary ===============================
cns_py\api\server.py:603
  C:\Users\mfadmin\OneDrive - MARIO FIALHO\Documents\source\cns\cns_py\api\server.py:603: DeprecationWarning: 
          on_event is deprecated, use lifespan event handlers instead.
  
          Read more about it in the
          [FastAPI docs for Lifespan Events](https://fastapi.tiangolo.com/advanced/events/).
          
    @app.on_event("startup")

.venv\lib\site-packages\fastapi\applications.py:4576
.venv\lib\site-packages\fastapi\applications.py:4576
  C:\Users\mfadmin\OneDrive - MARIO FIALHO\Documents\source\cns\.venv\lib\site-packages\fastapi\applications.py:4576: DeprecationWarning: 
          on_event is deprecated, use lifespan event handlers instead.
  
          Read more about it in the
          [FastAPI docs for Lifespan Events](https://fastapi.tiangolo.com/advanced/events/).
          
    return self.router.on_event(event_type)

cns_py\api\server.py:610
  C:\Users\mfadmin\OneDrive - MARIO FIALHO\Documents\source\cns\cns_py\api\server.py:610: DeprecationWarning: 
          on_event is deprecated, use lifespan event handlers instead.
  
          Read more about it in the
          [FastAPI docs for Lifespan Events](https://fastapi.tiangolo.com/advanced/events/).
          
    @app.on_event("shutdown")

tests/test_planner_explain.py::test_explain_plan_structure
tests/test_planner_explain.py::test_plan_hash_determinism
tests/test_planner_explain.py::test_plan_hash_determinism
tests/test_planner_explain.py::test_explain_endpoint_integration
  C:\Users\mfadmin\OneDrive - MARIO FIALHO\Documents\source\cns\cns_py\planner\explainer.py:36: PydanticDeprecatedSince20: The `dict` method is deprecated; use `model_dump` instead. Deprecated in Pydantic V2.0 to be removed in V3.0. See Pydantic V2 Migration Guide at https://errors.pydantic.dev/2.12/migration/
    plan_dict = plan.dict()

-- Docs: https://docs.pytest.org/en/stable/how-to/capture-warnings.html
=========================== short test summary info ===========================
FAILED tests/test_router.py::test_heuristic_router_code_detection - Assertion...
!!!!!!!!!!!!!!!!!!!!!!!!!! stopping after 1 failures !!!!!!!!!!!!!!!!!!!!!!!!!!

