ruff.....................................................................Passed
ruff-format..............................................................Failed
- hook id: ruff-format
- files were modified by this hook

1 file reformatted, 101 files left unchanged

black....................................................................Passed
mypy.....................................................................Passed
Detect secrets...........................................................Passed
pytest-check (all tests).................................................Failed
- hook id: pytest-check
- exit code: 1

...................s.................................................... [ 48%]
................................................F
================================== FAILURES ===================================
_____________________________ test_run_rule_logic _____________________________
tests\test_rule_registry.py:57: in test_run_rule_logic
    result = registry.run_rule("tls_compliance", ctx)
cns_py\rules\registry.py:61: in run_rule
    raise ValueError(f"Rule not found: {rule_id}")
E   ValueError: Rule not found: tls_compliance

During handling of the above exception, another exception occurred:
tests\test_rule_registry.py:63: in test_run_rule_logic
    pytest.fail(f"Execution failed: {e}")
E   Failed: Execution failed: Rule not found: tls_compliance
============================== warnings summary ===============================
cns_py\api\server.py:603
  C:\Users\mfadmin\OneDrive - MARIO FIALHO\Documents\source\cns\cns_py\api\server.py:603: DeprecationWarning: 
          on_event is deprecated, use lifespan event handlers instead.
  
          Read more about it in the
          [FastAPI docs for Lifespan Events](https://fastapi.tiangolo.com/advanced/events/).
          
    @app.on_event("startup")

.venv\lib\site-packages\fastapi\applications.py:4576
.venv\lib\site-packages\fastapi\applications.py:4576
  C:\Users\mfadmin\OneDrive - MARIO FIALHO\Documents\source\cns\.venv\lib\site-packages\fastapi\applications.py:4576: DeprecationWarning: 
          on_event is deprecated, use lifespan event handlers instead.
  
          Read more about it in the
          [FastAPI docs for Lifespan Events](https://fastapi.tiangolo.com/advanced/events/).
          
    return self.router.on_event(event_type)

cns_py\api\server.py:610
  C:\Users\mfadmin\OneDrive - MARIO FIALHO\Documents\source\cns\cns_py\api\server.py:610: DeprecationWarning: 
          on_event is deprecated, use lifespan event handlers instead.
  
          Read more about it in the
          [FastAPI docs for Lifespan Events](https://fastapi.tiangolo.com/advanced/events/).
          
    @app.on_event("shutdown")

-- Docs: https://docs.pytest.org/en/stable/how-to/capture-warnings.html
=========================== short test summary info ===========================
FAILED tests/test_rule_registry.py::test_run_rule_logic - Failed: Execution f...
!!!!!!!!!!!!!!!!!!!!!!!!!! stopping after 1 failures !!!!!!!!!!!!!!!!!!!!!!!!!!

