ruff.....................................................................Passed
ruff-format..............................................................Failed
- hook id: ruff-format
- files were modified by this hook

1 file reformatted, 102 files left unchanged

black....................................................................Passed
mypy.....................................................................Failed
- hook id: mypy
- exit code: 1

cns_py\planner\plan.py:13: error: Class cannot subclass "BaseModel" (has type "Any")  [misc]
cns_py\planner\plan.py:41: error: Class cannot subclass "BaseModel" (has type "Any")  [misc]
cns_py\planner\plan.py:47: error: Class cannot subclass "BaseModel" (has type "Any")  [misc]
cns_py\planner\planner.py:17: error: Function is missing a return type annotation  [no-untyped-def]
cns_py\planner\planner.py:17: note: Use "-> None" if function does not return a value
cns_py\planner\planner.py:20: error: Incompatible default for argument "constraints" (default has type "None", argument has type "PlanConstraints")  [assignment]
cns_py\planner\planner.py:20: note: PEP 484 prohibits implicit Optional. Accordingly, mypy has changed its default to no_implicit_optional=True
cns_py\planner\planner.py:20: note: Use https://github.com/hauntsaninja/no_implicit_optional to automatically upgrade your codebase
cns_py\planner\planner.py:45: error: "str" has no attribute "sort"  [attr-defined]
cns_py\planner\planner.py:50: error: Unpacking a string is disallowed  [misc]
cns_py\planner\planner.py:55: error: Cannot determine type of "top_space"  [has-type]
cns_py\planner\planner.py:57: error: Cannot determine type of "top_space"  [has-type]
cns_py\planner\planner.py:57: error: Cannot determine type of "top_weight"  [has-type]
cns_py\planner\planner.py:63: error: Cannot determine type of "top_space"  [has-type]
cns_py\planner\planner.py:63: error: Cannot determine type of "top_weight"  [has-type]
cns_py\wasm\sandbox.py:104: error: Returning Any from function declared to return "dict[str, Any]"  [no-any-return]
cns_py\planner\explainer.py:15: error: Class cannot subclass "BaseModel" (has type "Any")  [misc]
cns_py\planner\explainer.py:25: error: Call to untyped function "Planner" in typed context  [no-untyped-call]
cns_py\planner\explainer.py:27: error: Function is missing a type annotation for one or more arguments  [no-untyped-def]
cns_py\crypto\signing.py:41: error: Returning Any from function declared to return "str"  [no-any-return]
cns_py\cql\belief_explain.py:11: error: Module "cns_py.cql.belief" does not explicitly export attribute "BeliefConfig"  [attr-defined]
cns_py\cql\belief_explain.py:14: error: Class cannot subclass "BaseModel" (has type "Any")  [misc]
cns_py\cql\belief_explain.py:21: error: Class cannot subclass "BaseModel" (has type "Any")  [misc]
cns_py\rules\registry.py:15: error: Class cannot subclass "BaseModel" (has type "Any")  [misc]
cns_py\rules\registry.py:40: error: Function is missing a return type annotation  [no-untyped-def]
cns_py\vector\memory_index.py:14: error: Function is missing a return type annotation  [no-untyped-def]
cns_py\vector\memory_index.py:14: note: Use "-> None" if function does not return a value
cns_py\vector\memory_index.py:15: error: Missing type parameters for generic type "ndarray"  [type-arg]
cns_py\vector\hnsw_index.py:163: error: Argument 1 of "bulk_load" is incompatible with supertype "VectorIndex"; supertype defines the argument type as "list[tuple[str, list[float], dict[str, Any] | None]]"  [override]
cns_py\vector\hnsw_index.py:163: note: This violates the Liskov substitution principle
cns_py\vector\hnsw_index.py:163: note: See https://mypy.readthedocs.io/en/stable/common_issues.html#incompatible-overrides
cns_py\vector\pg_index.py:74: error: Argument 1 to "append" of "list" has incompatible type "dict[str, Any]"; expected "list[float]"  [arg-type]
cns_py\vector\pg_index.py:76: error: Argument 1 to "append" of "list" has incompatible type "int"; expected "list[float]"  [arg-type]
cns_py\vector\manager.py:21: error: Function is missing a return type annotation  [no-untyped-def]
cns_py\vector\manager.py:21: note: Use "-> None" if function does not return a value
cns_py\vector\manager.py:56: error: Call to untyped function "ExactInMemoryIndex" in typed context  [no-untyped-call]
cns_py\vector\manager.py:58: error: Call to untyped function "ExactInMemoryIndex" in typed context  [no-untyped-call]
cns_py\vector\manager.py:91: error: No return value expected  [return-value]
cns_py\vector\manager.py:107: error: "_load_or_create_space" of "IndexManager" does not return a value (it only ever returns None)  [func-returns-value]
cns_py\vector\manager.py:179: error: Argument 1 to "bulk_load" of "VectorIndex" has incompatible type "list[tuple[str, list[float], dict[str, Any]]]"; expected "list[tuple[str, list[float], dict[str, Any] | None]]"  [arg-type]
cns_py\vector\manager.py:179: note: "List" is invariant -- see https://mypy.readthedocs.io/en/stable/common_issues.html#variance
cns_py\vector\manager.py:179: note: Consider using "Sequence" instead, which is covariant
cns_py\vector\manager.py:194: error: Missing type parameters for generic type "Dict"  [type-arg]
cns_py\vector\manager.py:219: error: Missing type parameters for generic type "Dict"  [type-arg]
cns_py\vector\manager.py:233: error: Unpacking a string is disallowed  [misc]
cns_py\vector\manager.py:234: error: Cannot determine type of "space"  [has-type]
cns_py\vector\manager.py:241: error: Cannot determine type of "space"  [has-type]
cns_py\vector\manager.py:245: error: Cannot determine type of "weight"  [has-type]
cns_py\vector\manager.py:273: error: Incompatible types in assignment (expression has type "int", variable has type "str")  [assignment]
cns_py\planner\executor.py:22: error: Class cannot subclass "BaseModel" (has type "Any")  [misc]
cns_py\planner\executor.py:29: error: Class cannot subclass "BaseModel" (has type "Any")  [misc]
cns_py\planner\executor.py:66: error: List item 0 has incompatible type "str | None"; expected "str"  [list-item]
cns_py\api\server.py:600: error: Call to untyped function "IndexManager" in typed context  [no-untyped-call]
cns_py\api\server.py:603: error: Untyped decorator makes function "startup_event" untyped  [misc]
cns_py\api\server.py:610: error: Untyped decorator makes function "shutdown_event" untyped  [misc]
cns_py\api\server.py:616: error: Class cannot subclass "BaseModel" (has type "Any")  [misc]
cns_py\api\server.py:625: error: Class cannot subclass "BaseModel" (has type "Any")  [misc]
cns_py\api\server.py:633: error: Class cannot subclass "BaseModel" (has type "Any")  [misc]
cns_py\api\server.py:726: error: Class cannot subclass "BaseModel" (has type "Any")  [misc]
cns_py\api\server.py:732: error: Class cannot subclass "BaseModel" (has type "Any")  [misc]
cns_py\api\server.py:772: error: Class cannot subclass "BaseModel" (has type "Any")  [misc]
cns_py\api\server.py:778: error: Class cannot subclass "BaseModel" (has type "Any")  [misc]
cns_py\api\server.py:816: error: Class cannot subclass "BaseModel" (has type "Any")  [misc]
cns_py\api\server.py:845: error: Function is missing a return type annotation  [no-untyped-def]
cns_py\api\server.py:849: error: Class cannot subclass "BaseModel" (has type "Any")  [misc]
cns_py\api\server.py:854: error: Class cannot subclass "BaseModel" (has type "Any")  [misc]
cns_py\api\server.py:859: error: Untyped decorator makes function "run_rule_endpoint" untyped  [misc]
cns_py\api\server.py:860: error: Function is missing a return type annotation  [no-untyped-def]
cns_py\api\server.py:872: error: Function is missing a return type annotation  [no-untyped-def]
cns_py\api\server.py:876: error: Class cannot subclass "BaseModel" (has type "Any")  [misc]
cns_py\api\server.py:881: error: Untyped decorator makes function "index_rebuild_endpoint" untyped  [misc]
cns_py\api\server.py:882: error: Function is missing a return type annotation  [no-untyped-def]
cns_py\api\server.py:898: error: Class cannot subclass "BaseModel" (has type "Any")  [misc]
cns_py\api\server.py:908: error: Untyped decorator makes function "explain_belief_endpoint" untyped  [misc]
cns_py\api\server.py:909: error: Function is missing a return type annotation  [no-untyped-def]
Found 66 errors in 13 files (checked 40 source files)

Detect secrets...........................................................Passed
pytest-check (all tests).................................................Failed
- hook id: pytest-check
- exit code: 1

=================================== ERRORS ====================================
_______________ ERROR collecting tests/test_belief_internals.py _______________
ImportError while importing test module 'C:\Users\mfadmin\OneDrive - MARIO FIALHO\Documents\source\cns\tests\test_belief_internals.py'.
Hint: make sure your test modules/packages have valid Python names.
Traceback:
..\..\..\..\.pyenv\pyenv-win\versions\3.10.11\lib\importlib\__init__.py:126: in import_module
    return _bootstrap._gcd_import(name[level:], package, level)
tests\test_belief_internals.py:5: in <module>
    from cns_py.cql.belief import _recency_term, _sigmoid
E   ImportError: cannot import name '_recency_term' from 'cns_py.cql.belief' (C:\Users\mfadmin\OneDrive - MARIO FIALHO\Documents\source\cns\cns_py\cql\belief.py)
============================== warnings summary ===============================
cns_py\api\server.py:603
  C:\Users\mfadmin\OneDrive - MARIO FIALHO\Documents\source\cns\cns_py\api\server.py:603: DeprecationWarning: 
          on_event is deprecated, use lifespan event handlers instead.
  
          Read more about it in the
          [FastAPI docs for Lifespan Events](https://fastapi.tiangolo.com/advanced/events/).
          
    @app.on_event("startup")

.venv\lib\site-packages\fastapi\applications.py:4576
.venv\lib\site-packages\fastapi\applications.py:4576
  C:\Users\mfadmin\OneDrive - MARIO FIALHO\Documents\source\cns\.venv\lib\site-packages\fastapi\applications.py:4576: DeprecationWarning: 
          on_event is deprecated, use lifespan event handlers instead.
  
          Read more about it in the
          [FastAPI docs for Lifespan Events](https://fastapi.tiangolo.com/advanced/events/).
          
    return self.router.on_event(event_type)

cns_py\api\server.py:610
  C:\Users\mfadmin\OneDrive - MARIO FIALHO\Documents\source\cns\cns_py\api\server.py:610: DeprecationWarning: 
          on_event is deprecated, use lifespan event handlers instead.
  
          Read more about it in the
          [FastAPI docs for Lifespan Events](https://fastapi.tiangolo.com/advanced/events/).
          
    @app.on_event("shutdown")

-- Docs: https://docs.pytest.org/en/stable/how-to/capture-warnings.html
=========================== short test summary info ===========================
ERROR tests/test_belief_internals.py
!!!!!!!!!!!!!!!!!!!!!!!!!! stopping after 1 failures !!!!!!!!!!!!!!!!!!!!!!!!!!

