============================= test session starts =============================
platform win32 -- Python 3.10.11, pytest-8.4.2, pluggy-1.6.0 -- C:\Users\mfadmin\OneDrive - MARIO FIALHO\Documents\source\cns\.venv\Scripts\python.exe
cachedir: .pytest_cache
hypothesis profile 'default'
rootdir: C:\Users\mfadmin\OneDrive - MARIO FIALHO\Documents\source\cns
configfile: pytest.ini
plugins: anyio-4.12.0, hypothesis-6.142.4, cov-7.0.0
collecting ... collected 18 items

tests/test_api_server.py::test_cql_endpoint_runs_demo_query_and_returns_results_and_explain PASSED [  5%]
tests/test_api_server.py::test_graph_neighborhood_returns_envelope_with_nodes_and_edges_for_frameworkx PASSED [ 11%]
tests/test_api_server.py::test_graph_neighborhood_edges_always_reference_returned_nodes PASSED [ 16%]
tests/test_api_server.py::test_graph_neighborhood_ids_are_stable_across_identical_requests PASSED [ 22%]
tests/test_api_server.py::test_cql_endpoint_rejects_empty_query PASSED   [ 27%]
tests/test_api_server.py::test_graph_neighborhood_rejects_bad_params PASSED [ 33%]
tests/test_api_server.py::test_graph_neighborhood_rejects_bad_asof_format PASSED [ 38%]
tests/test_api_server.py::test_graph_neighborhood_accepts_asof_and_echoes_it_back PASSED [ 44%]
tests/test_api_server.py::test_graph_neighborhood_respects_limit_and_sets_truncated_flag PASSED [ 50%]
tests/test_api_server.py::test_graph_neighborhood_asof_changes_tls_edges_across_cutover PASSED [ 55%]
tests/test_api_server.py::test_graph_node_detail_returns_200_for_valid_id PASSED [ 61%]
tests/test_api_server.py::test_graph_node_detail_returns_404_for_unknown_id PASSED [ 66%]
tests/test_api_server.py::test_graph_node_detail_asof_changes_tls_across_cutover PASSED [ 72%]
tests/test_api_server.py::test_graph_neighborhood_edges_have_ids_and_round_trip_to_edge_endpoint PASSED [ 77%]
tests/test_api_server.py::test_graph_neighborhood_rejects_invalid_policy PASSED [ 83%]
tests/test_api_server.py::test_policy_latest_respects_tls_cutover_for_frameworkx FAILED [ 88%]
tests/test_api_server.py::test_policy_highest_confidence_treats_null_as_lowest SKIPPED [ 94%]
tests/test_api_server.py::test_policy_tie_break_determinism PASSED       [100%]

================================== FAILURES ===================================
___________ test_policy_latest_respects_tls_cutover_for_frameworkx ____________

    def test_policy_latest_respects_tls_cutover_for_frameworkx():
        asof_before = "2024-12-31T23:59:59Z"
        asof_after = "2025-01-01T00:00:01Z"
    
        params_common = {"label": "FrameworkX", "hops": 1, "limit": 20, "policy": "latest"}
    
>       resp_before = client.get("/graph/neighborhood", params={**params_common, "asof": asof_before})

tests\test_api_server.py:291: 
_ _ _ _ _ _ _ _ _ _ _ _ _ _ _ _ _ _ _ _ _ _ _ _ _ _ _ _ _ _ _ _ _ _ _ _ _ _ _ _
.venv\lib\site-packages\starlette\testclient.py:473: in get
    return super().get(
.venv\lib\site-packages\httpx\_client.py:1053: in get
    return self.request(
.venv\lib\site-packages\starlette\testclient.py:445: in request
    return super().request(
.venv\lib\site-packages\httpx\_client.py:825: in request
    return self.send(request, auth=auth, follow_redirects=follow_redirects)
.venv\lib\site-packages\httpx\_client.py:914: in send
    response = self._send_handling_auth(
.venv\lib\site-packages\httpx\_client.py:942: in _send_handling_auth
    response = self._send_handling_redirects(
.venv\lib\site-packages\httpx\_client.py:979: in _send_handling_redirects
    response = self._send_single_request(request)
.venv\lib\site-packages\httpx\_client.py:1014: in _send_single_request
    response = transport.handle_request(request)
.venv\lib\site-packages\starlette\testclient.py:348: in handle_request
    raise exc
.venv\lib\site-packages\starlette\testclient.py:345: in handle_request
    portal.call(self.app, scope, receive, send)
.venv\lib\site-packages\anyio\from_thread.py:326: in call
    return cast(T_Retval, self.start_task_soon(func, *args).result())
..\..\..\..\.pyenv\pyenv-win\versions\3.10.11\lib\concurrent\futures\_base.py:458: in result
    return self.__get_result()
..\..\..\..\.pyenv\pyenv-win\versions\3.10.11\lib\concurrent\futures\_base.py:403: in __get_result
    raise self._exception
.venv\lib\site-packages\anyio\from_thread.py:257: in _call_func
    retval = await retval_or_awaitable
.venv\lib\site-packages\fastapi\applications.py:1135: in __call__
    await super().__call__(scope, receive, send)
.venv\lib\site-packages\starlette\applications.py:107: in __call__
    await self.middleware_stack(scope, receive, send)
.venv\lib\site-packages\starlette\middleware\errors.py:186: in __call__
    raise exc
.venv\lib\site-packages\starlette\middleware\errors.py:164: in __call__
    await self.app(scope, receive, _send)
.venv\lib\site-packages\starlette\middleware\cors.py:85: in __call__
    await self.app(scope, receive, send)
.venv\lib\site-packages\starlette\middleware\exceptions.py:63: in __call__
    await wrap_app_handling_exceptions(self.app, conn)(scope, receive, send)
.venv\lib\site-packages\starlette\_exception_handler.py:53: in wrapped_app
    raise exc
.venv\lib\site-packages\starlette\_exception_handler.py:42: in wrapped_app
    await app(scope, receive, sender)
.venv\lib\site-packages\fastapi\middleware\asyncexitstack.py:18: in __call__
    await self.app(scope, receive, send)
.venv\lib\site-packages\starlette\routing.py:716: in __call__
    await self.middleware_stack(scope, receive, send)
.venv\lib\site-packages\starlette\routing.py:736: in app
    await route.handle(scope, receive, send)
.venv\lib\site-packages\starlette\routing.py:290: in handle
    await self.app(scope, receive, send)
.venv\lib\site-packages\fastapi\routing.py:119: in app
    await wrap_app_handling_exceptions(app, request)(scope, receive, send)
.venv\lib\site-packages\starlette\_exception_handler.py:53: in wrapped_app
    raise exc
.venv\lib\site-packages\starlette\_exception_handler.py:42: in wrapped_app
    await app(scope, receive, sender)
.venv\lib\site-packages\fastapi\routing.py:105: in app
    response = await f(request)
.venv\lib\site-packages\fastapi\routing.py:426: in app
    raw_response = await run_endpoint_function(
.venv\lib\site-packages\fastapi\routing.py:314: in run_endpoint_function
    return await run_in_threadpool(dependant.call, **values)
.venv\lib\site-packages\starlette\concurrency.py:32: in run_in_threadpool
    return await anyio.to_thread.run_sync(func)
.venv\lib\site-packages\anyio\to_thread.py:61: in run_sync
    return await get_async_backend().run_sync_in_worker_thread(
.venv\lib\site-packages\anyio\_backends\_asyncio.py:2525: in run_sync_in_worker_thread
    return await future
.venv\lib\site-packages\anyio\_backends\_asyncio.py:986: in run
    result = context.run(func, *args)
cns_py\api\server.py:279: in graph_neighborhood
    winner = sorted(group, key=sort_key)[0]
cns_py\api\server.py:272: in sort_key
    conf_val = 0.0 if edge.confidence is None else float(edge.confidence)
_ _ _ _ _ _ _ _ _ _ _ _ _ _ _ _ _ _ _ _ _ _ _ _ _ _ _ _ _ _ _ _ _ _ _ _ _ _ _ _

self = GraphEdge(id=436, src_id=1, dst_id=272, predicate='supports_tls', belief=0.9502634877742606)
item = 'confidence'

    def __getattr__(self, item: str) -> Any:
        private_attributes = object.__getattribute__(self, '__private_attributes__')
        if item in private_attributes:
            attribute = private_attributes[item]
            if hasattr(attribute, '__get__'):
                return attribute.__get__(self, type(self))  # type: ignore
    
            try:
                # Note: self.__pydantic_private__ cannot be None if self.__private_attributes__ has items
                return self.__pydantic_private__[item]  # type: ignore
            except KeyError as exc:
                raise AttributeError(f'{type(self).__name__!r} object has no attribute {item!r}') from exc
        else:
            # `__pydantic_extra__` can fail to be set if the model is not yet fully initialized.
            # See `BaseModel.__repr_args__` for more details
            try:
                pydantic_extra = object.__getattribute__(self, '__pydantic_extra__')
            except AttributeError:
                pydantic_extra = None
    
            if pydantic_extra and item in pydantic_extra:
                return pydantic_extra[item]
            else:
                if hasattr(self.__class__, item):
                    return super().__getattribute__(item)  # Raises AttributeError if appropriate
                else:
                    # this is the current error
>                   raise AttributeError(f'{type(self).__name__!r} object has no attribute {item!r}')
E                   AttributeError: 'GraphEdge' object has no attribute 'confidence'

.venv\lib\site-packages\pydantic\main.py:1026: AttributeError
---------------------------- Captured stdout call -----------------------------
[CQL DEBUG] Test SQL: SELECT a_src.label AS subject_label, f.predicate AS predicate, a_dst.label AS object_label, COALESCE(asp.belief, 0.0) AS base_confidence, asp.observed_at AS observed_at, asp.provenance AS provenance_json, f.id AS fiber_id FROM fibers f JOIN atoms a_src ON a_src.id = f.src JOIN atoms a_dst ON a_dst.id = f.dst LEFT JOIN aspects asp ON asp.subject_kind='fiber' AND asp.subject_id=f.id WHERE a_src.label = %(label)s AND f.predicate = %(predicate)s
[CQL DEBUG] Test params: {'label': 'FrameworkX', 'predicate': None}
[CQL DEBUG] Without temporal filter: 0 rows
[CQL DEBUG] SQL: SELECT a_src.label AS subject_label, f.predicate AS predicate, a_dst.label AS object_label, COALESCE(asp.belief, 0.0) AS base_confidence, asp.observed_at AS observed_at, asp.provenance AS provenance_json, f.id AS fiber_id FROM fibers f JOIN atoms a_src ON a_src.id = f.src JOIN atoms a_dst ON a_dst.id = f.dst LEFT JOIN aspects asp ON asp.subject_kind='fiber' AND asp.subject_id=f.id WHERE a_src.label = %(label)s AND COALESCE(asp.valid_from, '-infinity'::timestamptz) <= %(ts_from)s AND COALESCE(asp.valid_to,   'infinity'::timestamptz)  >  %(ts_to)s ORDER BY COALESCE(asp.belief, 0.0) DESC, asp.observed_at DESC, f.id ASC LIMIT 100
[CQL DEBUG] Params: {'label': 'FrameworkX', 'ts_from': datetime.datetime(2024, 12, 31, 23, 59, 59, tzinfo=tzutc()), 'ts_to': datetime.datetime(2024, 12, 31, 23, 59, 59, tzinfo=tzutc())}
[CQL DEBUG] Rows returned: 100
=========================== short test summary info ===========================
FAILED tests/test_api_server.py::test_policy_latest_respects_tls_cutover_for_frameworkx
=================== 1 failed, 16 passed, 1 skipped in 6.58s ===================
